
> elf-name-generator@3.0.0 test:run
> vitest run


[7m[1m[36m RUN [39m[22m[27m [36mv1.6.1[39m [90mC:/Users/nosle/Documents/GitHub/elf-name-generator[39m

 [32mΓ£ô[39m tests/core/NameGenerator.test.js [2m ([22m[2m7 tests[22m[2m)[22m[90m 8[2mms[22m[39m
 [32mΓ£ô[39m tests/utils/phonetics.test.js [2m ([22m[2m9 tests[22m[2m)[22m[90m 5[2mms[22m[39m
 [32mΓ£ô[39m tests/utils/dataLoader.test.js [2m ([22m[2m6 tests[22m[2m)[22m[90m 8[2mms[22m[39m
 [32mΓ£ô[39m tests/core/FavoritesManager.test.js [2m ([22m[2m11 tests[22m[2m)[22m[90m 15[2mms[22m[39m
 [32mΓ£ô[39m tests/core/NameGenerator.rules-validation.test.js [2m ([22m[2m21 tests[22m[2m)[22m[90m 28[2mms[22m[39m
 [32mΓ£ô[39m tests/accessibility/aria.test.js [2m ([22m[2m19 tests[22m[2m)[22m[90m 134[2mms[22m[39m
 [32mΓ£ô[39m tests/core/NameGenerator.onomastic.test.js [2m ([22m[2m17 tests[22m[2m)[22m[90m 80[2mms[22m[39m
 [32mΓ£ô[39m tests/ui/UIController.test.js [2m ([22m[2m6 tests[22m[2m)[22m[90m 126[2mms[22m[39m
[90mstdout[2m | tests/integration/app.test.js[2m > [22m[2mIntegration Tests - App Functionality[2m > [22m[2mApp Initialization[2m > [22m[2mshould initialize app and create generators[22m[39m
Faer├╗n Name Generator initialized successfully

[90mstdout[2m | tests/integration/app.test.js[2m > [22m[2mIntegration Tests - App Functionality[2m > [22m[2mApp Initialization[2m > [22m[2mshould wire up generate button click handler[22m[39m
Faer├╗n Name Generator initialized successfully

[90mstdout[2m | tests/integration/app.test.js[2m > [22m[2mIntegration Tests - App Functionality[2m > [22m[2mGenerate Button Functionality[2m > [22m[2mshould generate and display name when button clicked[22m[39m
Faer├╗n Name Generator initialized successfully

[90mstdout[2m | tests/integration/app.test.js[2m > [22m[2mIntegration Tests - App Functionality[2m > [22m[2mGenerate Button Functionality[2m > [22m[2mshould show name meaning after generation[22m[39m
Faer├╗n Name Generator initialized successfully

[90mstdout[2m | tests/core/NameGenerator.randomness.test.js[2m > [22m[2mNameGenerator - Randomness & Uniqueness (Real Data)[2m > [22m[2mComplex Mode - 10B+ Combination Space[2m > [22m[2mshould have massive combination space (duplicates should be extremely rare)[22m[39m
Generated 1000 names, 999 unique (99.90% unique)

[90mstdout[2m | tests/core/NameGenerator.randomness.test.js[2m > [22m[2mNameGenerator - Randomness & Uniqueness (Real Data)[2m > [22m[2mComplex Mode - 10B+ Combination Space[2m > [22m[2mshould generate diverse names even with 10,000 attempts[22m[39m
10k attempts: 9847 unique names (98.47% unique)
9295 unique component combinations

[90mstdout[2m | tests/core/NameGenerator.randomness.test.js[2m > [22m[2mNameGenerator - Randomness & Uniqueness (Real Data)[2m > [22m[2mPerformance with Large Combination Space[2m > [22m[2mshould generate names quickly despite 10B+ combinations[22m[39m
Average generation time: 0.02ms per name

[90mstdout[2m | tests/core/NameGenerator.randomness.test.js[2m > [22m[2mNameGenerator - Randomness & Uniqueness (Real Data)[2m > [22m[2mPerformance with Large Combination Space[2m > [22m[2mshould handle generateMultiple efficiently[22m[39m
Generated 50 unique names in 1.08ms

 [32mΓ£ô[39m tests/core/NameGenerator.randomness.test.js [2m ([22m[2m8 tests[22m[2m)[22m[33m 473[2mms[22m[39m
[90mstdout[2m | tests/integration/app.test.js[2m > [22m[2mIntegration Tests - App Functionality[2m > [22m[2mTab Switching[2m > [22m[2mshould switch generators when tab clicked[22m[39m
Faer├╗n Name Generator initialized successfully

 [32mΓ£ô[39m tests/integration/app.test.js [2m ([22m[2m5 tests[22m[2m)[22m[33m 426[2mms[22m[39m

[2m Test Files [22m [1m[32m10 passed[39m[22m[90m (10)[39m
[2m      Tests [22m [1m[32m109 passed[39m[22m[90m (109)[39m
[2m   Start at [22m 21:22:19
[2m   Duration [22m 2.87s[2m (transform 650ms, setup 1.12s, collect 1.39s, tests 1.30s, environment 16.30s, prepare 2.17s)[22m

